exports[`pdf html matches snapshot 1`] = `<!DOCTYPE html><html><head><meta charset="utf-8"/><title>Sample</title></head><body><h1>Sample</h1><table><tr><td>Protein</td><td>5</td><td>10</td><td>20%</td></tr></table></body></html>`;
